2026-05-19 22:11:31.520 UTC [62071] LOG:  statement: SELECT id FROM documents WHERE document_type='wiki' LIMIT 1;
2026-05-19 22:11:31.521 UTC [62071] LOG:  duration: 1.600 ms
2026-05-19 22:11:31.538 UTC [62072] LOG:  statement: SELECT '===MARKER=== '||'flow1-main-page' AS x;
2026-05-19 22:11:31.539 UTC [62072] LOG:  duration: 0.454 ms
2026-05-19 22:11:31.864 UTC [62073] LOG:  duration: 0.321 ms
2026-05-19 22:11:31.864 UTC [62073] LOG:  duration: 0.606 ms
2026-05-19 22:11:31.864 UTC [62073] LOG:  execute <unnamed>: SELECT s.id, s.user_id, s.workspace_id, s.expires_at, s.last_activity, s.created_at,
	              u.is_super_admin
	       FROM sessions s
	       JOIN users u ON s.user_id = u.id
	       WHERE s.id = $1
2026-05-19 22:11:31.864 UTC [62073] DETAIL:  parameters: $1 = '9a52a756e51050e4009ceae0ff0c848102522a85672018511fe92c23f0820163 -H X-Bench:1'
2026-05-19 22:11:31.864 UTC [62073] LOG:  duration: 0.032 ms
2026-05-19 22:11:31.881 UTC [62073] LOG:  duration: 0.082 ms
2026-05-19 22:11:31.881 UTC [62073] LOG:  duration: 0.160 ms
2026-05-19 22:11:31.881 UTC [62073] LOG:  execute <unnamed>: SELECT s.id, s.user_id, s.workspace_id, s.expires_at, s.last_activity, s.created_at,
	              u.is_super_admin
	       FROM sessions s
	       JOIN users u ON s.user_id = u.id
	       WHERE s.id = $1
2026-05-19 22:11:31.881 UTC [62073] DETAIL:  parameters: $1 = '9a52a756e51050e4009ceae0ff0c848102522a85672018511fe92c23f0820163 -H X-Bench:1'
2026-05-19 22:11:31.881 UTC [62073] LOG:  duration: 0.024 ms
2026-05-19 22:11:31.891 UTC [62073] LOG:  duration: 0.073 ms
2026-05-19 22:11:31.891 UTC [62073] LOG:  duration: 0.147 ms
2026-05-19 22:11:31.891 UTC [62073] LOG:  execute <unnamed>: SELECT s.id, s.user_id, s.workspace_id, s.expires_at, s.last_activity, s.created_at,
	              u.is_super_admin
	       FROM sessions s
	       JOIN users u ON s.user_id = u.id
	       WHERE s.id = $1
2026-05-19 22:11:31.891 UTC [62073] DETAIL:  parameters: $1 = '9a52a756e51050e4009ceae0ff0c848102522a85672018511fe92c23f0820163 -H X-Bench:1'
2026-05-19 22:11:31.891 UTC [62073] LOG:  duration: 0.029 ms
2026-05-19 22:11:31.900 UTC [62073] LOG:  duration: 0.091 ms
2026-05-19 22:11:31.900 UTC [62073] LOG:  duration: 0.152 ms
2026-05-19 22:11:31.900 UTC [62073] LOG:  execute <unnamed>: SELECT s.id, s.user_id, s.workspace_id, s.expires_at, s.last_activity, s.created_at,
	              u.is_super_admin
	       FROM sessions s
	       JOIN users u ON s.user_id = u.id
	       WHERE s.id = $1
2026-05-19 22:11:31.900 UTC [62073] DETAIL:  parameters: $1 = '9a52a756e51050e4009ceae0ff0c848102522a85672018511fe92c23f0820163 -H X-Bench:1'
2026-05-19 22:11:31.900 UTC [62073] LOG:  duration: 0.027 ms
2026-05-19 22:11:31.908 UTC [62073] LOG:  duration: 0.117 ms
2026-05-19 22:11:31.908 UTC [62073] LOG:  duration: 0.186 ms
2026-05-19 22:11:31.908 UTC [62073] LOG:  execute <unnamed>: SELECT s.id, s.user_id, s.workspace_id, s.expires_at, s.last_activity, s.created_at,
	              u.is_super_admin
	       FROM sessions s
	       JOIN users u ON s.user_id = u.id
	       WHERE s.id = $1
2026-05-19 22:11:31.908 UTC [62073] DETAIL:  parameters: $1 = '9a52a756e51050e4009ceae0ff0c848102522a85672018511fe92c23f0820163 -H X-Bench:1'
2026-05-19 22:11:31.908 UTC [62073] LOG:  duration: 0.032 ms
2026-05-19 22:11:31.916 UTC [62073] LOG:  duration: 0.072 ms
2026-05-19 22:11:31.916 UTC [62073] LOG:  duration: 0.126 ms
2026-05-19 22:11:31.916 UTC [62073] LOG:  execute <unnamed>: SELECT s.id, s.user_id, s.workspace_id, s.expires_at, s.last_activity, s.created_at,
	              u.is_super_admin
	       FROM sessions s
	       JOIN users u ON s.user_id = u.id
	       WHERE s.id = $1
2026-05-19 22:11:31.916 UTC [62073] DETAIL:  parameters: $1 = '9a52a756e51050e4009ceae0ff0c848102522a85672018511fe92c23f0820163 -H X-Bench:1'
2026-05-19 22:11:31.916 UTC [62073] LOG:  duration: 0.024 ms
2026-05-19 22:11:31.928 UTC [62074] LOG:  statement: SELECT '===MARKER=== '||'flow2-view-doc' AS x;
2026-05-19 22:11:31.928 UTC [62074] LOG:  duration: 0.359 ms
2026-05-19 22:11:32.254 UTC [62073] LOG:  duration: 0.125 ms
2026-05-19 22:11:32.254 UTC [62073] LOG:  duration: 0.196 ms
2026-05-19 22:11:32.254 UTC [62073] LOG:  execute <unnamed>: SELECT s.id, s.user_id, s.workspace_id, s.expires_at, s.last_activity, s.created_at,
	              u.is_super_admin
	       FROM sessions s
	       JOIN users u ON s.user_id = u.id
	       WHERE s.id = $1
2026-05-19 22:11:32.254 UTC [62073] DETAIL:  parameters: $1 = '9a52a756e51050e4009ceae0ff0c848102522a85672018511fe92c23f0820163 -H X-Bench:1'
2026-05-19 22:11:32.254 UTC [62073] LOG:  duration: 0.052 ms
2026-05-19 22:11:32.278 UTC [62075] LOG:  statement: SELECT '===MARKER=== '||'flow3-list-issues' AS x;
2026-05-19 22:11:32.278 UTC [62075] LOG:  duration: 0.314 ms
2026-05-19 22:11:32.603 UTC [62073] LOG:  duration: 0.116 ms
2026-05-19 22:11:32.603 UTC [62073] LOG:  duration: 0.287 ms
2026-05-19 22:11:32.603 UTC [62073] LOG:  execute <unnamed>: SELECT s.id, s.user_id, s.workspace_id, s.expires_at, s.last_activity, s.created_at,
	              u.is_super_admin
	       FROM sessions s
	       JOIN users u ON s.user_id = u.id
	       WHERE s.id = $1
2026-05-19 22:11:32.603 UTC [62073] DETAIL:  parameters: $1 = '9a52a756e51050e4009ceae0ff0c848102522a85672018511fe92c23f0820163 -H X-Bench:1'
2026-05-19 22:11:32.603 UTC [62073] LOG:  duration: 0.062 ms
2026-05-19 22:11:32.626 UTC [62076] LOG:  statement: SELECT '===MARKER=== '||'flow4-sprint-board' AS x;
2026-05-19 22:11:32.627 UTC [62076] LOG:  duration: 0.319 ms
2026-05-19 22:11:32.951 UTC [62073] LOG:  duration: 0.180 ms
2026-05-19 22:11:32.951 UTC [62073] LOG:  duration: 0.333 ms
2026-05-19 22:11:32.952 UTC [62073] LOG:  execute <unnamed>: SELECT s.id, s.user_id, s.workspace_id, s.expires_at, s.last_activity, s.created_at,
	              u.is_super_admin
	       FROM sessions s
	       JOIN users u ON s.user_id = u.id
	       WHERE s.id = $1
2026-05-19 22:11:32.952 UTC [62073] DETAIL:  parameters: $1 = '9a52a756e51050e4009ceae0ff0c848102522a85672018511fe92c23f0820163 -H X-Bench:1'
2026-05-19 22:11:32.952 UTC [62073] LOG:  duration: 0.059 ms
2026-05-19 22:11:32.964 UTC [62073] LOG:  duration: 0.181 ms
2026-05-19 22:11:32.965 UTC [62073] LOG:  duration: 0.369 ms
2026-05-19 22:11:32.965 UTC [62073] LOG:  execute <unnamed>: SELECT s.id, s.user_id, s.workspace_id, s.expires_at, s.last_activity, s.created_at,
	              u.is_super_admin
	       FROM sessions s
	       JOIN users u ON s.user_id = u.id
	       WHERE s.id = $1
2026-05-19 22:11:32.965 UTC [62073] DETAIL:  parameters: $1 = '9a52a756e51050e4009ceae0ff0c848102522a85672018511fe92c23f0820163 -H X-Bench:1'
2026-05-19 22:11:32.965 UTC [62073] LOG:  duration: 0.060 ms
2026-05-19 22:11:32.975 UTC [62073] LOG:  duration: 0.158 ms
2026-05-19 22:11:32.975 UTC [62073] LOG:  duration: 0.330 ms
2026-05-19 22:11:32.975 UTC [62073] LOG:  execute <unnamed>: SELECT s.id, s.user_id, s.workspace_id, s.expires_at, s.last_activity, s.created_at,
	              u.is_super_admin
	       FROM sessions s
	       JOIN users u ON s.user_id = u.id
	       WHERE s.id = $1
2026-05-19 22:11:32.975 UTC [62073] DETAIL:  parameters: $1 = '9a52a756e51050e4009ceae0ff0c848102522a85672018511fe92c23f0820163 -H X-Bench:1'
2026-05-19 22:11:32.975 UTC [62073] LOG:  duration: 0.053 ms
2026-05-19 22:11:32.994 UTC [62077] LOG:  statement: SELECT '===MARKER=== '||'flow5-search' AS x;
2026-05-19 22:11:32.994 UTC [62077] LOG:  duration: 0.486 ms
2026-05-19 22:11:33.318 UTC [62073] LOG:  duration: 0.117 ms
2026-05-19 22:11:33.318 UTC [62073] LOG:  duration: 0.192 ms
2026-05-19 22:11:33.318 UTC [62073] LOG:  execute <unnamed>: SELECT s.id, s.user_id, s.workspace_id, s.expires_at, s.last_activity, s.created_at,
	              u.is_super_admin
	       FROM sessions s
	       JOIN users u ON s.user_id = u.id
	       WHERE s.id = $1
2026-05-19 22:11:33.318 UTC [62073] DETAIL:  parameters: $1 = '9a52a756e51050e4009ceae0ff0c848102522a85672018511fe92c23f0820163 -H X-Bench:1'
2026-05-19 22:11:33.318 UTC [62073] LOG:  duration: 0.037 ms
2026-05-19 22:11:33.334 UTC [62073] LOG:  duration: 0.182 ms
2026-05-19 22:11:33.334 UTC [62073] LOG:  duration: 0.333 ms
2026-05-19 22:11:33.334 UTC [62073] LOG:  execute <unnamed>: SELECT s.id, s.user_id, s.workspace_id, s.expires_at, s.last_activity, s.created_at,
	              u.is_super_admin
	       FROM sessions s
	       JOIN users u ON s.user_id = u.id
	       WHERE s.id = $1
2026-05-19 22:11:33.334 UTC [62073] DETAIL:  parameters: $1 = '9a52a756e51050e4009ceae0ff0c848102522a85672018511fe92c23f0820163 -H X-Bench:1'
2026-05-19 22:11:33.334 UTC [62073] LOG:  duration: 0.058 ms
2026-05-19 22:11:33.354 UTC [62078] LOG:  statement: SELECT '===MARKER=== '||'end' AS x;
2026-05-19 22:11:33.355 UTC [62078] LOG:  duration: 0.560 ms
