# Flow: Load main page (/my-week)
# Captured: 2026-05-19 via pg_stat_statements (exact counts; no buffer drops)
# Endpoints walked: auth/me + dashboard/my-week + dashboard/my-work + standups + weekly-plans
# Format: calls<TAB>total_ms<TAB>mean_ms<TAB>rows<TAB>SQL
1	0.324	0.324	32	SELECT d.id, d.title, d.content, d.properties, d.created_at, d.updated_at, p.title as person_name, pr.title as project_name FROM documents d LEFT JOIN documents p ON (d.properties->>$2)::uuid = p.id LEFT JOIN documents pr ON (d.properties->>$3)::uuid = pr.id WHERE d.workspace_id = $1 AND d.document_type = $4 AND d.archived_at IS NULL ORDER BY (d.properties->>$5)::int DESC, d.created_at DESC
1	0.134	0.134	12	SELECT d.id, d.title, d.properties, d.ticket_number, sprint_assoc.related_id as sprint_id, sprint.title as sprint_name, (sprint.properties->>$5)::int as sprint_number, p.title as program_name FROM documents d LEFT JOIN document_associations sprint_assoc ON sprint_assoc.document_id = d.id AND sprint_assoc.relationship_type = $6 LEFT JOIN documents sprint ON sprint.id = sprint_assoc.related_id AND sprint.document_type = $7 LEFT JOIN document_associations prog_da ON d.id = prog_da.document_id AND prog_da.relationship_type = $8 LEFT JOIN documents p ON prog_da.related_id = p.id AND p.document_type = $9 WHERE d.workspace_id = $1 AND d.document_type = $10 AND (d.properties->>$11)::uuid = $2 AND d.properties->>$12 NOT IN ($13, $14) AND (d.visibility = $15 OR d.created_by = $3 OR $4 = $16) ORDER BY CASE d.properties->>$17 WHEN $18 THEN $19 WHEN $20 THEN $21 WHEN $22 THEN $23 WHEN $24 THEN $25 ELSE $26 END, d.updated_at DESC
5	0.118	0.024	5	SELECT s.id, s.user_id, s.workspace_id, s.expires_at, s.last_activity, s.created_at, u.is_super_admin FROM sessions s JOIN users u ON s.user_id = u.id WHERE s.id = $1
1	0.117	0.117	0	SELECT d.id, d.title, d.properties, p.title as program_name, (d.properties->>$6)::int as sprint_number FROM documents d JOIN document_associations prog_da ON d.id = prog_da.document_id AND prog_da.relationship_type = $7 JOIN documents p ON prog_da.related_id = p.id AND p.document_type = $8 WHERE d.workspace_id = $1 AND d.document_type = $9 AND (d.properties->>$10)::uuid = $2 AND (d.properties->>$11)::int = $3 AND (d.visibility = $12 OR d.created_by = $4 OR $5 = $13) ORDER BY p.title
5	0.114	0.023	5	UPDATE sessions SET last_activity = $1 WHERE id = $2
1	0.077	0.077	1	SELECT d.id, d.title, d.properties, p.title as program_name, CASE WHEN d.archived_at IS NOT NULL THEN $5 ELSE COALESCE( ( SELECT CASE MAX( CASE WHEN CURRENT_DATE BETWEEN (w.sprint_start_date + ((sprint.properties->>$6)::int - $7) * $8) AND (w.sprint_start_date + ((sprint.properties->>$9)::int - $10) * $11 + $12) THEN $13 WHEN CURRENT_DATE < (w.sprint_start_date + ((sprint.properties->>$14)::int - $15) * $16) THEN $17 ELSE $18 END ) WHEN $19 THEN $20 WHEN $21 THEN $22 WHEN $23 THEN $24 ELSE $25 END FROM documents issue JOIN document_associations sprint_assoc ON sprint_assoc.document_id = issue.id AND sprint_assoc.relationship_type = $26 JOIN documents sprint ON sprint.id = sprint_assoc.related_id AND sprint.document_type = $27 JOIN document_associations proj_assoc ON proj_assoc.document_id = issue.id AND proj_assoc.relationship_type = $28 JOIN workspaces w ON w.id = d.workspace_id WHERE proj_assoc.related_id = d.id AND issue.document_type = $29 ), $30 ) END as inferred_status FROM documents d LEFT JOIN document_associations prog_da ON d.id = prog_da.document_id AND prog_da.relationship_type = $31 LEFT JOIN documents p ON prog_da.related_id = p.id AND p.document_type = $32 WHERE d.workspace_id = $1 AND d.document_type = $33 AND (d.properties->>$34)::uuid = $2 AND d.archived_at IS NULL AND (d.visibility = $35 OR d.created_by = $3 OR $4 = $36) ORDER BY d.updated_at DESC
1	0.071	0.071	1	SELECT DISTINCT proj.id as project_id, proj.title as project_title, prog.title as program_name FROM documents s JOIN documents proj ON (s.properties->>$4)::uuid = proj.id AND proj.document_type = $5 LEFT JOIN document_associations prog_da ON proj.id = prog_da.document_id AND prog_da.relationship_type = $6 LEFT JOIN documents prog ON prog_da.related_id = prog.id AND prog.document_type = $7 WHERE s.workspace_id = $1 AND s.document_type = $8 AND s.properties->$9 ? $2 AND (s.properties->>$10)::int = $3 AND s.deleted_at IS NULL AND proj.archived_at IS NULL
2	0.054	0.027	1	SELECT id, title, content, properties, created_at, updated_at FROM documents WHERE workspace_id = $1 AND document_type = $4 AND (properties->>$5) = $2 AND (properties->>$6)::int = $3 AND archived_at IS NULL AND deleted_at IS NULL LIMIT $7
1	0.020	0.020	1	SELECT w.id, w.name, wm.role FROM workspaces w JOIN workspace_memberships wm ON w.id = wm.workspace_id WHERE wm.user_id = $1 AND w.archived_at IS NULL ORDER BY w.name
1	0.016	0.016	1	SELECT id, title FROM documents WHERE workspace_id = $1 AND document_type = $3 AND (properties->>$4) = $2 LIMIT $5
1	0.007	0.007	1	SELECT id, title, properties FROM documents WHERE workspace_id = $1 AND document_type = $4 AND (properties->>$5) = $2 AND (properties->>$6)::int = $3 AND archived_at IS NULL AND deleted_at IS NULL LIMIT $7
2	0.005	0.003	2	SELECT sprint_start_date FROM workspaces WHERE id = $1
1	0.005	0.005	0	SELECT id, title, properties, created_at, updated_at FROM documents WHERE workspace_id = $1 AND document_type = $4 AND (properties->>$5) = $2 AND (properties->>$6) = ANY($3) AND deleted_at IS NULL ORDER BY (properties->>$7) ASC
1	0.005	0.005	1	SELECT w.id, w.name, wm.role FROM workspaces w LEFT JOIN workspace_memberships wm ON w.id = wm.workspace_id AND wm.user_id = $2 WHERE w.id = $1
1	0.004	0.004	1	SELECT id, email, name, is_super_admin FROM users WHERE id = $1
1	0.003	0.003	1	SELECT role FROM workspace_memberships WHERE workspace_id = $1 AND user_id = $2
